chr1	55	T	C	0.8156	snp	16.1016949153			C:65:34	T:13:6
chr1	483	T	C	0.5142	snp	23.6111111111			C:34:21	T:8:9
chr1	573	T	C	0.5073	snp	13.7404580153			C:66:47	T:12:6
chr1	660	C	T	0.2772	snp	44.2724458204			T:109:71	C:78:65
chr1	999	T	C	0.9182	snp	12.8477905074			C:527:538	T:80:77
chr1	1117	A	G	0.838	snp	15.0547445255			G:449:482	A:84:81
chr1	1293	T	C	0.09971	snp	17.2697368421			C:258:245	T:63:42
chr2	8766	T	C	0.6568	snp	8.33333333333			C:132:99	T:13:8
chr2	8808	T	C	0.1318	snp	16.8421052632			C:130:107	T:32:16
chr2	9123	T	C	0.6938	snp	14.5161290323			C:150:168	T:24:30
chr2	9151	T	C	0.4294	snp	15.0			C:142:147	T:22:29
chr2	9272	G	A	0.2018	snp	17.5213675214			A:82:111	G:28:13
chr2	9687	T	C	0.7036	snp	11.8181818182			C:67:127	T:8:18
chr2	9912	T	C	0.1715	snp	24.8743718593			C:104:195	T:42:57
chr2	9960	C	T	0.3394	snp	11.9480519481			T:120:219	C:13:33
